<?xml version="1.0" encoding="utf-8"?><testsuites><testsuite name="pytest" errors="0" failures="0" skipped="0" tests="7" time="2.785" timestamp="2025-11-12T22:07:23.580059" hostname="John-Studio"><testcase classname="tests.test_upload_endpoint" name="test_upload_success" time="0.061" /><testcase classname="tests.test_upload_endpoint" name="test_upload_forbidden_when_missing_role" time="0.003" /><testcase classname="tests.etl.test_cdc_more" name="test_sync_to_qdrant_success" time="0.001" /><testcase classname="tests.etl.test_cdc_more" name="test_process_outbox_batch_processes_events" time="0.009" /><testcase classname="tests.etl.test_cdc_workers" name="test_handle_customs_data_event_triggers_opensearch" time="0.001" /><testcase classname="tests.etl.test_cdc_workers" name="test_health_check_all_healthy" time="0.001" /><testcase classname="tests.etl.test_cdc_workers" name="test_health_check_degraded_when_pg_fails" time="0.001" /></testsuite></testsuites>